Traceback (most recent call last):
  File "<frozen runpy>", line 198, in _run_module_as_main
  File "<frozen runpy>", line 88, in _run_code
  File "C:\Users\Hashir\AppData\Local\Programs\Python\Python313\Scripts\pytest.exe\__main__.py", line 6, in <module>
    sys.exit(console_main())
             ~~~~~~~~~~~~^^
  File "C:\Users\Hashir\AppData\Local\Programs\Python\Python313\Lib\site-packages\_pytest\config\__init__.py", line 221, in console_main
    code = main()
  File "C:\Users\Hashir\AppData\Local\Programs\Python\Python313\Lib\site-packages\_pytest\config\__init__.py", line 191, in main
    config = _prepareconfig(new_args, plugins)
  File "C:\Users\Hashir\AppData\Local\Programs\Python\Python313\Lib\site-packages\_pytest\config\__init__.py", line 358, in _prepareconfig
    config: Config = pluginmanager.hook.pytest_cmdline_parse(
                     ~~~~~~~~~~~~~~~~~~~~~~~~~~~~~~~~~~~~~~~^
        pluginmanager=pluginmanager, args=args
        ^^^^^^^^^^^^^^^^^^^^^^^^^^^^^^^^^^^^^^
    )
    ^
  File "C:\Users\Hashir\AppData\Local\Programs\Python\Python313\Lib\site-packages\pluggy\_hooks.py", line 512, in __call__
    return self._hookexec(self.name, self._hookimpls.copy(), kwargs, firstresult)
           ~~~~~~~~~~~~~~^^^^^^^^^^^^^^^^^^^^^^^^^^^^^^^^^^^^^^^^^^^^^^^^^^^^^^^^
  File "C:\Users\Hashir\AppData\Local\Programs\Python\Python313\Lib\site-packages\pluggy\_manager.py", line 120, in _hookexec
    return self._inner_hookexec(hook_name, methods, kwargs, firstresult)
           ~~~~~~~~~~~~~~~~~~~~^^^^^^^^^^^^^^^^^^^^^^^^^^^^^^^^^^^^^^^^^
  File "C:\Users\Hashir\AppData\Local\Programs\Python\Python313\Lib\site-packages\pluggy\_callers.py", line 167, in _multicall
    raise exception
  File "C:\Users\Hashir\AppData\Local\Programs\Python\Python313\Lib\site-packages\pluggy\_callers.py", line 139, in _multicall
    teardown.throw(exception)
    ~~~~~~~~~~~~~~^^^^^^^^^^^
  File "C:\Users\Hashir\AppData\Local\Programs\Python\Python313\Lib\site-packages\_pytest\helpconfig.py", line 124, in pytest_cmdline_parse
    config = yield
             ^^^^^
  File "C:\Users\Hashir\AppData\Local\Programs\Python\Python313\Lib\site-packages\pluggy\_callers.py", line 121, in _multicall
    res = hook_impl.function(*args)
  File "C:\Users\Hashir\AppData\Local\Programs\Python\Python313\Lib\site-packages\_pytest\config\__init__.py", line 1155, in pytest_cmdline_parse
    self.parse(args)
    ~~~~~~~~~~^^^^^^
  File "C:\Users\Hashir\AppData\Local\Programs\Python\Python313\Lib\site-packages\_pytest\config\__init__.py", line 1525, in parse
    self.hook.pytest_load_initial_conftests(
    ~~~~~~~~~~~~~~~~~~~~~~~~~~~~~~~~~~~~~~~^
        early_config=self, args=args, parser=self._parser
        ^^^^^^^^^^^^^^^^^^^^^^^^^^^^^^^^^^^^^^^^^^^^^^^^^
    )
    ^
  File "C:\Users\Hashir\AppData\Local\Programs\Python\Python313\Lib\site-packages\pluggy\_hooks.py", line 512, in __call__
    return self._hookexec(self.name, self._hookimpls.copy(), kwargs, firstresult)
           ~~~~~~~~~~~~~~^^^^^^^^^^^^^^^^^^^^^^^^^^^^^^^^^^^^^^^^^^^^^^^^^^^^^^^^
  File "C:\Users\Hashir\AppData\Local\Programs\Python\Python313\Lib\site-packages\pluggy\_manager.py", line 120, in _hookexec
    return self._inner_hookexec(hook_name, methods, kwargs, firstresult)
           ~~~~~~~~~~~~~~~~~~~~^^^^^^^^^^^^^^^^^^^^^^^^^^^^^^^^^^^^^^^^^
  File "C:\Users\Hashir\AppData\Local\Programs\Python\Python313\Lib\site-packages\pluggy\_callers.py", line 167, in _multicall
    raise exception
  File "C:\Users\Hashir\AppData\Local\Programs\Python\Python313\Lib\site-packages\pluggy\_callers.py", line 139, in _multicall
    teardown.throw(exception)
    ~~~~~~~~~~~~~~^^^^^^^^^^^
  File "C:\Users\Hashir\AppData\Local\Programs\Python\Python313\Lib\site-packages\_pytest\warnings.py", line 128, in pytest_load_initial_conftests
    return (yield)
            ^^^^^
  File "C:\Users\Hashir\AppData\Local\Programs\Python\Python313\Lib\site-packages\pluggy\_callers.py", line 139, in _multicall
    teardown.throw(exception)
    ~~~~~~~~~~~~~~^^^^^^^^^^^
  File "C:\Users\Hashir\AppData\Local\Programs\Python\Python313\Lib\site-packages\_pytest\capture.py", line 173, in pytest_load_initial_conftests
    yield
  File "C:\Users\Hashir\AppData\Local\Programs\Python\Python313\Lib\site-packages\pluggy\_callers.py", line 121, in _multicall
    res = hook_impl.function(*args)
  File "C:\Users\Hashir\AppData\Local\Programs\Python\Python313\Lib\site-packages\pytest_django\plugin.py", line 356, in pytest_load_initial_conftests
    with _handle_import_error(_django_project_scan_outcome):
         ~~~~~~~~~~~~~~~~~~~~^^^^^^^^^^^^^^^^^^^^^^^^^^^^^^
  File "C:\Users\Hashir\AppData\Local\Programs\Python\Python313\Lib\contextlib.py", line 162, in __exit__
    self.gen.throw(value)
    ~~~~~~~~~~~~~~^^^^^^^
  File "C:\Users\Hashir\AppData\Local\Programs\Python\Python313\Lib\site-packages\pytest_django\plugin.py", line 184, in _handle_import_error
    raise ImportError(msg) from None
ImportError: No module named 'pillow_avif'

pytest-django found a Django project in . (it contains manage.py) and added it to the Python path.
If this is wrong, add "django_find_project = false" to pytest.ini and explicitly manage your Python path.
